Form was submitted
Form was submitted
Form was submitted
Form was submitted
Form was submitted
Form was submitted
Form was submitted
Form was submitted
Form was submitted
Form was submitted
